2025-06-30 21:16:46.941 DEBUG Koin - (+) index 'at.tfro.sonic_link.ServerSettings::_root_' -> '[Singleton: 'at.tfro.sonic_link.ServerSettings']'
2025-06-30 21:16:46.943 DEBUG Koin - (+) index 'at.tfro.sonic_link.logger.PlatformLogger::_root_' -> '[Singleton: 'at.tfro.sonic_link.logger.PlatformLogger']'
2025-06-30 21:16:46.944 DEBUG Koin - (+) index 'at.tfro.sonic_link.logger.DebugLogger::_root_' -> '[Singleton: 'at.tfro.sonic_link.logger.DebugLogger',binds:at.tfro.sonic_link.logger.Logger]'
2025-06-30 21:16:46.944 DEBUG Koin - (+) index 'at.tfro.sonic_link.logger.Logger::_root_' -> '[Singleton: 'at.tfro.sonic_link.logger.DebugLogger',binds:at.tfro.sonic_link.logger.Logger]'
2025-06-30 21:16:46.944 DEBUG Koin - (+) index 'io.ktor.client.HttpClient::_root_' -> '[Singleton: 'io.ktor.client.HttpClient']'
2025-06-30 21:16:46.944 DEBUG Koin - (+) index 'at.tfro.sonic_link.db.AppDatabase::_root_' -> '[Singleton: 'at.tfro.sonic_link.db.AppDatabase']'
2025-06-30 21:16:46.944 DEBUG Koin - (+) index 'at.tfro.sonic_link.db.dao.MediaDao::_root_' -> '[Singleton: 'at.tfro.sonic_link.db.dao.MediaDao']'
2025-06-30 21:16:46.944 DEBUG Koin - (+) index 'at.tfro.sonic_link.db.dao.AlbumDao::_root_' -> '[Singleton: 'at.tfro.sonic_link.db.dao.AlbumDao']'
2025-06-30 21:16:46.945 DEBUG Koin - (+) index 'at.tfro.sonic_link.db.dao.ArtistDao::_root_' -> '[Singleton: 'at.tfro.sonic_link.db.dao.ArtistDao']'
2025-06-30 21:16:46.945 DEBUG Koin - (+) index 'at.tfro.sonic_link.data.MediaRepository::_root_' -> '[Singleton: 'at.tfro.sonic_link.data.MediaRepository']'
2025-06-30 21:16:46.945 DEBUG Koin - (+) index 'at.tfro.sonic_link.musicbrainz_api.MusicbrainzApi::_root_' -> '[Singleton: 'at.tfro.sonic_link.musicbrainz_api.MusicbrainzApi']'
2025-06-30 21:16:46.945 DEBUG Koin - (+) index 'at.tfro.sonic_link.features.importer.Importer::_root_' -> '[Singleton: 'at.tfro.sonic_link.features.importer.Importer']'
2025-06-30 21:16:46.949 INFO  Koin - Started 12 definitions in 48.408 ms
2025-06-30 21:16:46.949 DEBUG Koin - Create eager instances ...
2025-06-30 21:16:46.949 DEBUG Koin - Created eager instances in 0.436 ms
2025-06-30 21:16:46.950 DEBUG Koin - Create eager instances ...
2025-06-30 21:16:46.950 DEBUG Koin - Created eager instances in 0.013 ms
2025-06-30 21:16:52.956 DEBUG Koin - | (+) Scope - id:'request_3f00de4d-13e0-43ae-80b8-801eae32466d' q:'org.koin.ktor.plugin.RequestScope'
2025-06-30 21:16:52.956 DEBUG Koin - | Scope 'org.koin.ktor.plugin.RequestScope' not defined. Creating it ...
2025-06-30 21:16:52.956 DEBUG Koin - |- Scope source set id:'request_3f00de4d-13e0-43ae-80b8-801eae32466d' -> io.ktor.server.netty.http1.NettyHttp1ApplicationCall@29ca9396
2025-06-30 21:16:52.996 DEBUG Koin - |- 'at.tfro.sonic_link.features.importer.Importer'...
2025-06-30 21:16:52.997 DEBUG Koin - | (+) '[Singleton: 'at.tfro.sonic_link.features.importer.Importer']'
2025-06-30 21:16:52.998 DEBUG Koin - |- 'at.tfro.sonic_link.logger.Logger'...
2025-06-30 21:16:52.998 DEBUG Koin - | (+) '[Singleton: 'at.tfro.sonic_link.logger.DebugLogger',binds:at.tfro.sonic_link.logger.Logger]'
2025-06-30 21:16:52.998 DEBUG Koin - |- 'at.tfro.sonic_link.logger.PlatformLogger'...
2025-06-30 21:16:52.998 DEBUG Koin - | (+) '[Singleton: 'at.tfro.sonic_link.logger.PlatformLogger']'
2025-06-30 21:16:52.998 DEBUG Koin - |- 'at.tfro.sonic_link.ServerSettings'...
2025-06-30 21:16:52.998 DEBUG Koin - | (+) '[Singleton: 'at.tfro.sonic_link.ServerSettings']'
2025-06-30 21:16:52.999 DEBUG Koin - |- 'at.tfro.sonic_link.ServerSettings' in 0.412 ms
2025-06-30 21:16:53.002 DEBUG Koin - |- 'at.tfro.sonic_link.logger.PlatformLogger' in 3.408 ms
2025-06-30 21:16:53.002 DEBUG Koin - |- 'at.tfro.sonic_link.logger.Logger' in 3.904 ms
2025-06-30 21:16:53.002 DEBUG Koin - |- 'at.tfro.sonic_link.ServerSettings'...
2025-06-30 21:16:53.002 DEBUG Koin - |- 'at.tfro.sonic_link.ServerSettings' in 0.02 ms
2025-06-30 21:16:53.003 DEBUG Koin - |- 'at.tfro.sonic_link.features.importer.Importer' in 6.075 ms
2025-06-30 21:16:53.070 DEBUG Koin - |- (-) Scope - id:'request_3f00de4d-13e0-43ae-80b8-801eae32466d'
2025-06-30 21:25:01.505 DEBUG Koin - | (+) Scope - id:'request_85dbd10b-5e07-4f1d-a663-3584151165c5' q:'org.koin.ktor.plugin.RequestScope'
2025-06-30 21:25:01.505 DEBUG Koin - |- Scope source set id:'request_85dbd10b-5e07-4f1d-a663-3584151165c5' -> io.ktor.server.netty.http1.NettyHttp1ApplicationCall@6f8cdf1e
2025-06-30 21:25:01.507 DEBUG Koin - |- (-) Scope - id:'request_85dbd10b-5e07-4f1d-a663-3584151165c5'
2025-06-30 21:25:09.313 DEBUG Koin - |- (-) Scope - id:'_root_'
2025-06-30 21:25:14.557 DEBUG Koin - (+) index 'at.tfro.sonic_link.ServerSettings::_root_' -> '[Singleton: 'at.tfro.sonic_link.ServerSettings']'
2025-06-30 21:25:14.560 DEBUG Koin - (+) index 'at.tfro.sonic_link.logger.PlatformLogger::_root_' -> '[Singleton: 'at.tfro.sonic_link.logger.PlatformLogger']'
2025-06-30 21:25:14.560 DEBUG Koin - (+) index 'at.tfro.sonic_link.logger.DebugLogger::_root_' -> '[Singleton: 'at.tfro.sonic_link.logger.DebugLogger',binds:at.tfro.sonic_link.logger.Logger]'
2025-06-30 21:25:14.560 DEBUG Koin - (+) index 'at.tfro.sonic_link.logger.Logger::_root_' -> '[Singleton: 'at.tfro.sonic_link.logger.DebugLogger',binds:at.tfro.sonic_link.logger.Logger]'
2025-06-30 21:25:14.560 DEBUG Koin - (+) index 'io.ktor.client.HttpClient::_root_' -> '[Singleton: 'io.ktor.client.HttpClient']'
2025-06-30 21:25:14.561 DEBUG Koin - (+) index 'at.tfro.sonic_link.db.AppDatabase::_root_' -> '[Singleton: 'at.tfro.sonic_link.db.AppDatabase']'
2025-06-30 21:25:14.561 DEBUG Koin - (+) index 'at.tfro.sonic_link.db.dao.MediaDao::_root_' -> '[Singleton: 'at.tfro.sonic_link.db.dao.MediaDao']'
2025-06-30 21:25:14.561 DEBUG Koin - (+) index 'at.tfro.sonic_link.db.dao.AlbumDao::_root_' -> '[Singleton: 'at.tfro.sonic_link.db.dao.AlbumDao']'
2025-06-30 21:25:14.561 DEBUG Koin - (+) index 'at.tfro.sonic_link.db.dao.ArtistDao::_root_' -> '[Singleton: 'at.tfro.sonic_link.db.dao.ArtistDao']'
2025-06-30 21:25:14.561 DEBUG Koin - (+) index 'at.tfro.sonic_link.data.MediaRepository::_root_' -> '[Singleton: 'at.tfro.sonic_link.data.MediaRepository']'
2025-06-30 21:25:14.561 DEBUG Koin - (+) index 'at.tfro.sonic_link.musicbrainz_api.MusicbrainzApi::_root_' -> '[Singleton: 'at.tfro.sonic_link.musicbrainz_api.MusicbrainzApi']'
2025-06-30 21:25:14.562 DEBUG Koin - (+) index 'at.tfro.sonic_link.features.importer.Importer::_root_' -> '[Singleton: 'at.tfro.sonic_link.features.importer.Importer']'
2025-06-30 21:25:14.566 INFO  Koin - Started 12 definitions in 52.048 ms
2025-06-30 21:25:14.566 DEBUG Koin - Create eager instances ...
2025-06-30 21:25:14.567 DEBUG Koin - Created eager instances in 0.445 ms
2025-06-30 21:25:14.568 DEBUG Koin - Create eager instances ...
2025-06-30 21:25:14.568 DEBUG Koin - Created eager instances in 0.016 ms
2025-06-30 21:25:26.842 DEBUG Koin - | (+) Scope - id:'request_608e4a16-3235-4176-9e0d-9ee6167664e4' q:'org.koin.ktor.plugin.RequestScope'
2025-06-30 21:25:26.842 DEBUG Koin - | Scope 'org.koin.ktor.plugin.RequestScope' not defined. Creating it ...
2025-06-30 21:25:26.843 DEBUG Koin - |- Scope source set id:'request_608e4a16-3235-4176-9e0d-9ee6167664e4' -> io.ktor.server.netty.http1.NettyHttp1ApplicationCall@e282c98
2025-06-30 21:25:26.870 DEBUG Koin - |- 'at.tfro.sonic_link.features.importer.Importer'...
2025-06-30 21:25:26.871 DEBUG Koin - | (+) '[Singleton: 'at.tfro.sonic_link.features.importer.Importer']'
2025-06-30 21:25:26.872 DEBUG Koin - |- 'at.tfro.sonic_link.logger.Logger'...
2025-06-30 21:25:26.872 DEBUG Koin - | (+) '[Singleton: 'at.tfro.sonic_link.logger.DebugLogger',binds:at.tfro.sonic_link.logger.Logger]'
2025-06-30 21:25:26.872 DEBUG Koin - |- 'at.tfro.sonic_link.logger.PlatformLogger'...
2025-06-30 21:25:26.872 DEBUG Koin - | (+) '[Singleton: 'at.tfro.sonic_link.logger.PlatformLogger']'
2025-06-30 21:25:26.872 DEBUG Koin - |- 'at.tfro.sonic_link.ServerSettings'...
2025-06-30 21:25:26.872 DEBUG Koin - | (+) '[Singleton: 'at.tfro.sonic_link.ServerSettings']'
2025-06-30 21:25:26.873 DEBUG Koin - |- 'at.tfro.sonic_link.ServerSettings' in 0.374 ms
2025-06-30 21:25:26.875 DEBUG Koin - |- 'at.tfro.sonic_link.logger.PlatformLogger' in 2.817 ms
2025-06-30 21:25:26.875 DEBUG Koin - |- 'at.tfro.sonic_link.logger.Logger' in 3.289 ms
2025-06-30 21:25:26.875 DEBUG Koin - |- 'at.tfro.sonic_link.ServerSettings'...
2025-06-30 21:25:26.875 DEBUG Koin - |- 'at.tfro.sonic_link.ServerSettings' in 0.018 ms
2025-06-30 21:25:26.876 DEBUG Koin - |- 'at.tfro.sonic_link.features.importer.Importer' in 5.298 ms
2025-06-30 21:25:26.916 DEBUG Koin - |- (-) Scope - id:'request_608e4a16-3235-4176-9e0d-9ee6167664e4'
2025-06-30 21:34:29.904 DEBUG Koin - | (+) Scope - id:'request_ab16dca0-5b33-47b7-b841-1910d6024aa6' q:'org.koin.ktor.plugin.RequestScope'
2025-06-30 21:34:29.905 DEBUG Koin - |- Scope source set id:'request_ab16dca0-5b33-47b7-b841-1910d6024aa6' -> io.ktor.server.netty.http1.NettyHttp1ApplicationCall@6ef82f01
2025-06-30 21:34:29.907 DEBUG Koin - |- (-) Scope - id:'request_ab16dca0-5b33-47b7-b841-1910d6024aa6'
2025-06-30 21:39:34.603 DEBUG Koin - |- (-) Scope - id:'_root_'
2025-06-30 21:39:34.673 DEBUG Koin - (+) index 'at.tfro.sonic_link.ServerSettings::_root_' -> '[Singleton: 'at.tfro.sonic_link.ServerSettings']'
2025-06-30 21:39:34.673 DEBUG Koin - (+) index 'at.tfro.sonic_link.logger.PlatformLogger::_root_' -> '[Singleton: 'at.tfro.sonic_link.logger.PlatformLogger']'
2025-06-30 21:39:34.673 DEBUG Koin - (+) index 'at.tfro.sonic_link.logger.DebugLogger::_root_' -> '[Singleton: 'at.tfro.sonic_link.logger.DebugLogger',binds:at.tfro.sonic_link.logger.Logger]'
2025-06-30 21:39:34.673 DEBUG Koin - (+) index 'at.tfro.sonic_link.logger.Logger::_root_' -> '[Singleton: 'at.tfro.sonic_link.logger.DebugLogger',binds:at.tfro.sonic_link.logger.Logger]'
2025-06-30 21:39:34.673 DEBUG Koin - (+) index 'io.ktor.client.HttpClient::_root_' -> '[Singleton: 'io.ktor.client.HttpClient']'
2025-06-30 21:39:34.673 DEBUG Koin - (+) index 'at.tfro.sonic_link.db.AppDatabase::_root_' -> '[Singleton: 'at.tfro.sonic_link.db.AppDatabase']'
2025-06-30 21:39:34.673 DEBUG Koin - (+) index 'at.tfro.sonic_link.db.dao.MediaDao::_root_' -> '[Singleton: 'at.tfro.sonic_link.db.dao.MediaDao']'
2025-06-30 21:39:34.674 DEBUG Koin - (+) index 'at.tfro.sonic_link.db.dao.AlbumDao::_root_' -> '[Singleton: 'at.tfro.sonic_link.db.dao.AlbumDao']'
2025-06-30 21:39:34.674 DEBUG Koin - (+) index 'at.tfro.sonic_link.db.dao.ArtistDao::_root_' -> '[Singleton: 'at.tfro.sonic_link.db.dao.ArtistDao']'
2025-06-30 21:39:34.674 DEBUG Koin - (+) index 'at.tfro.sonic_link.data.MediaRepository::_root_' -> '[Singleton: 'at.tfro.sonic_link.data.MediaRepository']'
2025-06-30 21:39:34.674 DEBUG Koin - (+) index 'at.tfro.sonic_link.musicbrainz_api.MusicbrainzApi::_root_' -> '[Singleton: 'at.tfro.sonic_link.musicbrainz_api.MusicbrainzApi']'
2025-06-30 21:39:34.674 DEBUG Koin - (+) index 'at.tfro.sonic_link.features.importer.Importer::_root_' -> '[Singleton: 'at.tfro.sonic_link.features.importer.Importer']'
2025-06-30 21:39:34.674 INFO  Koin - Started 12 definitions in 3.301 ms
2025-06-30 21:39:34.675 DEBUG Koin - Create eager instances ...
2025-06-30 21:39:34.675 DEBUG Koin - Created eager instances in 0.027 ms
2025-06-30 21:39:34.675 DEBUG Koin - Create eager instances ...
2025-06-30 21:39:34.675 DEBUG Koin - Created eager instances in 0.009 ms
2025-06-30 21:39:34.681 DEBUG Koin - | (+) Scope - id:'request_b12894ef-8718-4053-88b2-11fb0c8f5742' q:'org.koin.ktor.plugin.RequestScope'
2025-06-30 21:39:34.682 DEBUG Koin - | Scope 'org.koin.ktor.plugin.RequestScope' not defined. Creating it ...
2025-06-30 21:39:34.682 DEBUG Koin - |- Scope source set id:'request_b12894ef-8718-4053-88b2-11fb0c8f5742' -> io.ktor.server.netty.http1.NettyHttp1ApplicationCall@79f7f1f5
2025-06-30 21:39:34.683 DEBUG Koin - |- 'at.tfro.sonic_link.features.importer.Importer'...
2025-06-30 21:39:34.684 DEBUG Koin - | (+) '[Singleton: 'at.tfro.sonic_link.features.importer.Importer']'
2025-06-30 21:39:34.684 DEBUG Koin - |- 'at.tfro.sonic_link.logger.Logger'...
2025-06-30 21:39:34.684 DEBUG Koin - | (+) '[Singleton: 'at.tfro.sonic_link.logger.DebugLogger',binds:at.tfro.sonic_link.logger.Logger]'
2025-06-30 21:39:34.684 DEBUG Koin - |- 'at.tfro.sonic_link.logger.PlatformLogger'...
2025-06-30 21:39:34.685 DEBUG Koin - | (+) '[Singleton: 'at.tfro.sonic_link.logger.PlatformLogger']'
2025-06-30 21:39:34.685 DEBUG Koin - |- 'at.tfro.sonic_link.ServerSettings'...
2025-06-30 21:39:34.686 DEBUG Koin - | (+) '[Singleton: 'at.tfro.sonic_link.ServerSettings']'
2025-06-30 21:39:34.686 DEBUG Koin - |- 'at.tfro.sonic_link.ServerSettings' in 0.225 ms
2025-06-30 21:39:34.689 DEBUG Koin - |- 'at.tfro.sonic_link.logger.PlatformLogger' in 4.015 ms
2025-06-30 21:39:34.689 DEBUG Koin - |- 'at.tfro.sonic_link.logger.Logger' in 5.37 ms
2025-06-30 21:39:34.690 DEBUG Koin - |- 'at.tfro.sonic_link.ServerSettings'...
2025-06-30 21:39:34.690 DEBUG Koin - |- 'at.tfro.sonic_link.ServerSettings' in 0.023 ms
2025-06-30 21:39:34.691 DEBUG Koin - |- 'at.tfro.sonic_link.features.importer.Importer' in 6.973 ms
2025-06-30 21:39:34.702 DEBUG Koin - |- (-) Scope - id:'request_b12894ef-8718-4053-88b2-11fb0c8f5742'
2025-06-30 21:44:58.562 DEBUG Koin - | (+) Scope - id:'request_ca0948cf-a8ea-401d-aaaf-d742b33c5d9c' q:'org.koin.ktor.plugin.RequestScope'
2025-06-30 21:44:58.562 DEBUG Koin - |- Scope source set id:'request_ca0948cf-a8ea-401d-aaaf-d742b33c5d9c' -> io.ktor.server.netty.http1.NettyHttp1ApplicationCall@284eae0f
2025-06-30 21:44:58.567 DEBUG Koin - |- (-) Scope - id:'request_ca0948cf-a8ea-401d-aaaf-d742b33c5d9c'
2025-06-30 21:45:10.263 DEBUG Koin - | (+) Scope - id:'request_1763ee9d-f87f-4e86-b0dd-316f372d0d71' q:'org.koin.ktor.plugin.RequestScope'
2025-06-30 21:45:10.263 DEBUG Koin - |- Scope source set id:'request_1763ee9d-f87f-4e86-b0dd-316f372d0d71' -> io.ktor.server.netty.http1.NettyHttp1ApplicationCall@26894576
2025-06-30 21:45:10.276 DEBUG Koin - |- (-) Scope - id:'request_1763ee9d-f87f-4e86-b0dd-316f372d0d71'
2025-06-30 22:48:32.830 DEBUG Koin - |- (-) Scope - id:'_root_'
2025-06-30 22:48:32.897 DEBUG Koin - (+) index 'at.tfro.sonic_link.ServerSettings::_root_' -> '[Singleton: 'at.tfro.sonic_link.ServerSettings']'
2025-06-30 22:48:32.898 DEBUG Koin - (+) index 'at.tfro.sonic_link.logger.PlatformLogger::_root_' -> '[Singleton: 'at.tfro.sonic_link.logger.PlatformLogger']'
2025-06-30 22:48:32.898 DEBUG Koin - (+) index 'at.tfro.sonic_link.logger.DebugLogger::_root_' -> '[Singleton: 'at.tfro.sonic_link.logger.DebugLogger',binds:at.tfro.sonic_link.logger.Logger]'
2025-06-30 22:48:32.898 DEBUG Koin - (+) index 'at.tfro.sonic_link.logger.Logger::_root_' -> '[Singleton: 'at.tfro.sonic_link.logger.DebugLogger',binds:at.tfro.sonic_link.logger.Logger]'
2025-06-30 22:48:32.898 DEBUG Koin - (+) index 'io.ktor.client.HttpClient::_root_' -> '[Singleton: 'io.ktor.client.HttpClient']'
2025-06-30 22:48:32.898 DEBUG Koin - (+) index 'at.tfro.sonic_link.db.AppDatabase::_root_' -> '[Singleton: 'at.tfro.sonic_link.db.AppDatabase']'
2025-06-30 22:48:32.898 DEBUG Koin - (+) index 'at.tfro.sonic_link.db.dao.MediaDao::_root_' -> '[Singleton: 'at.tfro.sonic_link.db.dao.MediaDao']'
2025-06-30 22:48:32.898 DEBUG Koin - (+) index 'at.tfro.sonic_link.db.dao.AlbumDao::_root_' -> '[Singleton: 'at.tfro.sonic_link.db.dao.AlbumDao']'
2025-06-30 22:48:32.898 DEBUG Koin - (+) index 'at.tfro.sonic_link.db.dao.ArtistDao::_root_' -> '[Singleton: 'at.tfro.sonic_link.db.dao.ArtistDao']'
2025-06-30 22:48:32.899 DEBUG Koin - (+) index 'at.tfro.sonic_link.data.MediaRepository::_root_' -> '[Singleton: 'at.tfro.sonic_link.data.MediaRepository']'
2025-06-30 22:48:32.899 DEBUG Koin - (+) index 'at.tfro.sonic_link.musicbrainz_api.MusicbrainzApi::_root_' -> '[Singleton: 'at.tfro.sonic_link.musicbrainz_api.MusicbrainzApi']'
2025-06-30 22:48:32.899 DEBUG Koin - (+) index 'at.tfro.sonic_link.features.importer.Importer::_root_' -> '[Singleton: 'at.tfro.sonic_link.features.importer.Importer']'
2025-06-30 22:48:32.899 INFO  Koin - Started 12 definitions in 3.445 ms
2025-06-30 22:48:32.899 DEBUG Koin - Create eager instances ...
2025-06-30 22:48:32.899 DEBUG Koin - Created eager instances in 0.018 ms
2025-06-30 22:48:32.900 DEBUG Koin - Create eager instances ...
2025-06-30 22:48:32.900 DEBUG Koin - Created eager instances in 0.009 ms
2025-06-30 22:48:32.906 DEBUG Koin - | (+) Scope - id:'request_b97ec4f9-74dd-472a-9a21-d37f67d17ab3' q:'org.koin.ktor.plugin.RequestScope'
2025-06-30 22:48:32.907 DEBUG Koin - | Scope 'org.koin.ktor.plugin.RequestScope' not defined. Creating it ...
2025-06-30 22:48:32.907 DEBUG Koin - |- Scope source set id:'request_b97ec4f9-74dd-472a-9a21-d37f67d17ab3' -> io.ktor.server.netty.http1.NettyHttp1ApplicationCall@5313492d
2025-06-30 22:48:32.908 DEBUG Koin - |- 'at.tfro.sonic_link.features.importer.Importer'...
2025-06-30 22:48:32.908 DEBUG Koin - | (+) '[Singleton: 'at.tfro.sonic_link.features.importer.Importer']'
2025-06-30 22:48:32.908 DEBUG Koin - |- 'at.tfro.sonic_link.logger.Logger'...
2025-06-30 22:48:32.908 DEBUG Koin - | (+) '[Singleton: 'at.tfro.sonic_link.logger.DebugLogger',binds:at.tfro.sonic_link.logger.Logger]'
2025-06-30 22:48:32.908 DEBUG Koin - |- 'at.tfro.sonic_link.logger.PlatformLogger'...
2025-06-30 22:48:32.908 DEBUG Koin - | (+) '[Singleton: 'at.tfro.sonic_link.logger.PlatformLogger']'
2025-06-30 22:48:32.909 DEBUG Koin - |- 'at.tfro.sonic_link.ServerSettings'...
2025-06-30 22:48:32.909 DEBUG Koin - | (+) '[Singleton: 'at.tfro.sonic_link.ServerSettings']'
2025-06-30 22:48:32.909 DEBUG Koin - |- 'at.tfro.sonic_link.ServerSettings' in 0.13 ms
2025-06-30 22:48:32.911 DEBUG Koin - |- 'at.tfro.sonic_link.logger.PlatformLogger' in 2.69 ms
2025-06-30 22:48:32.911 DEBUG Koin - |- 'at.tfro.sonic_link.logger.Logger' in 3.113 ms
2025-06-30 22:48:32.912 DEBUG Koin - |- 'at.tfro.sonic_link.ServerSettings'...
2025-06-30 22:48:32.912 DEBUG Koin - |- 'at.tfro.sonic_link.ServerSettings' in 0.03 ms
2025-06-30 22:48:32.912 DEBUG Koin - |- 'at.tfro.sonic_link.features.importer.Importer' in 4.197 ms
2025-06-30 22:48:32.922 DEBUG Koin - |- (-) Scope - id:'request_b97ec4f9-74dd-472a-9a21-d37f67d17ab3'
2025-06-30 22:50:05.622 DEBUG Koin - | (+) Scope - id:'request_ebf8ce1e-30cb-422d-ab92-878cce00e20d' q:'org.koin.ktor.plugin.RequestScope'
2025-06-30 22:50:05.623 DEBUG Koin - |- Scope source set id:'request_ebf8ce1e-30cb-422d-ab92-878cce00e20d' -> io.ktor.server.netty.http1.NettyHttp1ApplicationCall@7e882047
2025-06-30 22:50:05.626 DEBUG Koin - |- (-) Scope - id:'request_ebf8ce1e-30cb-422d-ab92-878cce00e20d'
2025-06-30 22:56:33.164 DEBUG Koin - |- (-) Scope - id:'_root_'
2025-07-11 18:07:38.818 DEBUG Koin - (+) index 'at.tfro.sonic_link.server.ServerSettings::_root_' -> '[Singleton: 'at.tfro.sonic_link.server.ServerSettings']'
2025-07-11 18:07:38.821 DEBUG Koin - (+) index 'at.tfro.sonic_link.core.logger.PlatformLogger::_root_' -> '[Singleton: 'at.tfro.sonic_link.core.logger.PlatformLogger']'
2025-07-11 18:07:38.822 DEBUG Koin - (+) index 'at.tfro.sonic_link.core.logger.DebugLogger::_root_' -> '[Singleton: 'at.tfro.sonic_link.core.logger.DebugLogger',binds:at.tfro.sonic_link.core.logger.Logger]'
2025-07-11 18:07:38.822 DEBUG Koin - (+) index 'at.tfro.sonic_link.core.logger.Logger::_root_' -> '[Singleton: 'at.tfro.sonic_link.core.logger.DebugLogger',binds:at.tfro.sonic_link.core.logger.Logger]'
2025-07-11 18:07:38.822 DEBUG Koin - (+) index 'io.ktor.client.HttpClient::_root_' -> '[Singleton: 'io.ktor.client.HttpClient']'
2025-07-11 18:07:38.823 DEBUG Koin - (+) index 'at.tfro.sonic_link.server.db.AppDatabase::_root_' -> '[Singleton: 'at.tfro.sonic_link.server.db.AppDatabase']'
2025-07-11 18:07:38.823 DEBUG Koin - (+) index 'at.tfro.sonic_link.server.db.dao.MediaDao::_root_' -> '[Singleton: 'at.tfro.sonic_link.server.db.dao.MediaDao']'
2025-07-11 18:07:38.823 DEBUG Koin - (+) index 'at.tfro.sonic_link.server.db.dao.AlbumDao::_root_' -> '[Singleton: 'at.tfro.sonic_link.server.db.dao.AlbumDao']'
2025-07-11 18:07:38.823 DEBUG Koin - (+) index 'at.tfro.sonic_link.server.db.dao.ArtistDao::_root_' -> '[Singleton: 'at.tfro.sonic_link.server.db.dao.ArtistDao']'
2025-07-11 18:07:38.823 DEBUG Koin - (+) index 'at.tfro.sonic_link.server.data.MediaRepository::_root_' -> '[Singleton: 'at.tfro.sonic_link.server.data.MediaRepository']'
2025-07-11 18:07:38.823 DEBUG Koin - (+) index 'at.tfro.sonic_link.core.musicbrainz_api.MusicbrainzApi::_root_' -> '[Singleton: 'at.tfro.sonic_link.core.musicbrainz_api.MusicbrainzApi']'
2025-07-11 18:07:38.823 DEBUG Koin - (+) index 'at.tfro.sonic_link.server.features.importer.Importer::_root_' -> '[Singleton: 'at.tfro.sonic_link.server.features.importer.Importer']'
2025-07-11 18:07:38.827 INFO  Koin - Started 12 definitions in 53.102 ms
2025-07-11 18:07:38.828 DEBUG Koin - Create eager instances ...
2025-07-11 18:07:38.828 DEBUG Koin - Created eager instances in 0.46 ms
2025-07-11 18:07:38.829 DEBUG Koin - Create eager instances ...
2025-07-11 18:07:38.829 DEBUG Koin - Created eager instances in 0.016 ms
2025-07-11 18:07:43.169 DEBUG Koin - | (+) Scope - id:'request_5f7d2b6e-d651-4296-8a88-48d75739ed3f' q:'org.koin.ktor.plugin.RequestScope'
2025-07-11 18:07:43.170 DEBUG Koin - | Scope 'org.koin.ktor.plugin.RequestScope' not defined. Creating it ...
2025-07-11 18:07:43.170 DEBUG Koin - |- Scope source set id:'request_5f7d2b6e-d651-4296-8a88-48d75739ed3f' -> io.ktor.server.netty.http1.NettyHttp1ApplicationCall@7aecc36c
2025-07-11 18:07:43.211 DEBUG Koin - |- (-) Scope - id:'request_5f7d2b6e-d651-4296-8a88-48d75739ed3f'
